// Jest Snapshot v1, https://goo.gl/fbAQLP

exports[`AddUser renders a snapshot properly 1`] = `
<form>
  <div
    className="field"
  >
    <input
      className="input is-large"
      name="username"
      placeholder="Insert a username"
      required={true}
      type="text"
    />
  </div>
  <div
    className="field"
  >
    <input
      className="input is-large"
      name="email"
      placeholder="Enter a email"
      required={true}
      type="email"
    />
  </div>
  <input
    className="button is-link is-fullwidth"
    type="submit"
    value="Enviar"
  />
</form>
`;
